// Jest Snapshot v1, https://goo.gl/fbAQLP

exports[`Tests for Index page renders correctly 1`] = `
<Layout
  color={
    Object {
      "hex": "#151515",
    }
  }
  menuBackground={
    Object {
      "hex": "#000",
    }
  }
  menuColor={
    Object {
      "hex": "#151515",
    }
  }
  path="/test"
  width={1200}
>
  <SEO
    keywords={
      Array [
        "Felix Dahlström Persson",
        "Portfolio",
      ]
    }
    lang="en"
    meta={Array []}
    title="Work"
  />
  <div
    className="projects"
  />
</Layout>
`;
