// Jest Snapshot v1, https://goo.gl/fbAQLP

exports[`Tests for Resume page renders correctly 1`] = `
<Layout
  color={
    Object {
      "hex": "#000",
    }
  }
  menuBackground={
    Object {
      "hex": "#000",
    }
  }
  menuColor={
    Object {
      "hex": "#fff",
    }
  }
  path="/test"
  width={810}
>
  <SEO
    keywords={
      Array [
        "resume",
        "cv",
        "education",
        "exhibitions",
        "fellowships",
        "grants",
        "residencies",
      ]
    }
    lang="en"
    meta={Array []}
    title="Resume"
  />
  <Section
    title="Education"
  >
    <SectionItem
      description="Education 1"
      key="education-0"
    />
    <SectionItem
      description="Education 2"
      key="education-1"
    />
  </Section>
  <Section
    title="Exhibitions"
  >
    <SectionItem
      description="Exhibition1"
      key="exhibition-0"
    />
    <SectionItem
      description="Exhibition2"
      href="http://google.com"
      key="exhibition-1"
    />
  </Section>
  <Section
    title="Fellowships, Grants, Residencies"
  >
    <SectionItem
      description="Grant1"
      key="grant-0"
    />
    <SectionItem
      description="Grant2"
      href="http://google.com"
      key="grant-1"
    />
  </Section>
</Layout>
`;
