// Jest Snapshot v1, https://goo.gl/fbAQLP

exports[`Tests for Project template renders correctly 1`] = `
<Layout
  color={
    Object {
      "hex": "#000",
    }
  }
  menuBackground={
    Object {
      "hex": "#000",
    }
  }
  menuColor={
    Object {
      "hex": "#fff",
    }
  }
  path="/test"
>
  <SEO
    keywords={
      Array [
        "a",
        "b",
      ]
    }
    lang="en"
    meta={Array []}
    title="test"
  />
  <div
    className="project__info"
  >
    <h3>
      Test project
    </h3>
    <p
      className="project__description"
    >
      test description
    </p>
  </div>
  <Image
    Tag="div"
    alt=""
    className="project__image"
    critical={false}
    fadeIn={true}
    fluid={
      Object {
        "aspectRatio": 1.4678899082568808,
        "sizes": "(max-width: 1800px) 100vw, 1800px",
        "src": "someurl",
        "srcSet": "someurl",
      }
    }
    key="someurl"
  />
  <Image
    Tag="div"
    alt=""
    className="project__image"
    critical={false}
    fadeIn={true}
    fluid={
      Object {
        "aspectRatio": 1.4678899082568808,
        "sizes": "(max-width: 1800px) 100vw, 1800px",
        "src": "someurl",
        "srcSet": "someurl",
      }
    }
    key="someurl"
  />
</Layout>
`;
